// Jest Snapshot v1, https://goo.gl/fbAQLP

exports[`The settings' page The page should be rendered correctly 1`] = `
<div>
  <div
    class="flex flex-col h-screen bg-blue-royal "
  >
    <header
      class="flex flex-col bg-blue-royal items-center md:px-24 md:flex-row md:justify-between"
    >
      <img
        alt="Logo Sorteador de Amigo secreto"
        class="block md:hidden"
        height="157"
        src="logo-pequeno.png"
        width="186"
      />
      <img
        alt="Logo Sorteador de Amigo secreto"
        class="hidden md:block"
        height="157"
        src="logo.png"
        width="186"
      />
      <img
        alt="Desenho de um participante"
        height="158"
        src="participante.png"
        width="328"
      />
    </header>
    <div
      class=" flex  flex-1 bg-white-cream mt-n16 justify-center rounded-t-64px border-t-2  p-20 border-black"
      role="container"
    >
      <form>
        <h2
          class="text-blue-royal text-2xl text-center"
        >
          Vamos começar!
        </h2>
        <div
          class=" flex flex-col  w-80 gap-2 md:flex-row md:w-726 md:h-20 items-center "
        >
          <label
            class="flex items-center  w-full h-12 border rounded-37px bg-white "
          >
            <span
              class="before:block before:absolute"
            >
              <img
                alt="adicionar pessoal"
                src="person_add.svg"
              />
            </span>
            <input
              class="w-full border-none overflow-hidden outline-none	rounded-37px placeholder:italic placeholder:indent-8 placeholder-opacity-30 "
              placeholder="Insira os nomes dos participantes"
              value=""
            />
          </label>
          <button
            class="w-36 h-12 bg-black	border rounded-37px"
            disabled=""
            type="submit"
          >
            Adicionar
          </button>
        </div>
        
      </form>
    </div>
    <div />
    <div
      class="flex flex-col items-center justify-around bg-white-cream pb-5 gap-6 md:flex-row md:pb-36 "
    >
      <button
        class=" w-36  h-20 flex items-center md:w-80 md:px-10 gap-5 border-2 border-b-8 border-gray-950 rounded bg-orange text-white-cream text-xl"
        disabled=""
      >
        <img
          alt="button for play"
          class="hidden md:block"
          src="play_circle_outline.png"
        />
        Iniciar brincadeira!
      </button>
      <img
        alt="fotos de duas bolsas"
        src="sacolas.png"
      />
    </div>
  </div>
</div>
`;
